// Jest Snapshot v1, https://goo.gl/fbAQLP

exports[`renders ok 1`] = `
<div>
  <div
    style={
      Object {
        "display": "inline-block",
        "height": "58px",
        "marginTop": "8px",
      }
    }
  >
    <div
      style={
        Object {
          "float": "left",
          "position": "relative",
          "top": "21px",
        }
      }
    >
      
    </div>
    <div
      style={
        Object {
          "float": "left",
          "height": "48px",
          "paddingLeft": "16px",
          "position": "relative",
          "top": "0px",
          "width": "310px",
        }
      }
    >
      <div
        className={undefined}
        style={
          Object {
            "backgroundColor": "transparent",
            "cursor": "auto",
            "display": "inline-block",
            "fontFamily": "Roboto, sans-serif",
            "fontSize": 16,
            "height": 72,
            "lineHeight": "24px",
            "muiPrepared": true,
            "position": "relative",
            "transition": "height 200ms cubic-bezier(0.23, 1, 0.32, 1) 0ms",
            "width": 256,
          }
        }
      >
        <label
          className={undefined}
          htmlFor="tf1"
          onTouchTap={undefined}
          style={
            Object {
              "color": "rgba(0, 0, 0, 0.3)",
              "left": "-40px",
              "lineHeight": "22px",
              "muiPrepared": true,
              "pointerEvents": "none",
              "position": "absolute",
              "top": "22px",
              "transform": "scale(0.75) translate(0, -28px)",
              "transformOrigin": "left top",
              "transition": "all 450ms cubic-bezier(0.23, 1, 0.32, 1) 0ms",
              "userSelect": "none",
              "zIndex": 1,
            }
          }
        >
          title
        </label>
        <div
          id="tf1"
          style={
            Object {
              "WebkitOpacity": 1,
              "WebkitTapHighlightColor": "rgba(0,0,0,0)",
              "backgroundColor": "rgba(0,0,0,0)",
              "border": "none",
              "boxSizing": "border-box",
              "color": "rgba(0, 0, 0, 0.87)",
              "cursor": "inherit",
              "font": "inherit",
              "height": "100%",
              "marginTop": 14,
              "muiPrepared": true,
              "outline": "none",
              "padding": 0,
              "position": "relative",
              "width": "100%",
            }
          }
        >
          <div
            onBlur={[Function]}
            onFocus={[Function]}
            onKeyDown={[Function]}
            onMouseDown={[Function]}
            onMouseEnter={[Function]}
            onMouseLeave={[Function]}
            onMouseUp={[Function]}
            onTouchStart={[Function]}
            style={
              Object {
                "cursor": "default",
                "height": 18,
                "marginBottom": 48,
                "marginTop": 24,
                "muiPrepared": true,
                "position": "relative",
                "touchCallout": "none",
                "userSelect": "none",
                "width": "100%",
              }
            }
          >
            <div
              style={
                Object {
                  "height": 2,
                  "left": 0,
                  "muiPrepared": true,
                  "position": "absolute",
                  "top": 8,
                  "width": "100%",
                }
              }
            >
              <div
                style={
                  Object {
                    "[object Object]": 0,
                    "backgroundColor": "#00bcd4",
                    "directionInvariant": true,
                    "height": "100%",
                    "left": 0,
                    "marginRight": 6,
                    "muiPrepared": true,
                    "position": "absolute",
                    "transition": "margin 450ms cubic-bezier(0.23, 1, 0.32, 1) 0ms",
                    "width": "calc(10%)",
                  }
                }
              />
              <div
                style={
                  Object {
                    "[object Object]": 0,
                    "backgroundColor": "#bdbdbd",
                    "directionInvariant": true,
                    "height": "100%",
                    "marginLeft": 6,
                    "muiPrepared": true,
                    "position": "absolute",
                    "right": 0,
                    "transition": "margin 450ms cubic-bezier(0.23, 1, 0.32, 1) 0ms",
                    "width": "calc(90%)",
                  }
                }
              />
              <div
                style={
                  Object {
                    "backgroundClip": "padding-box",
                    "backgroundColor": "#00bcd4",
                    "border": "0px solid transparent",
                    "borderRadius": "50%",
                    "boxSizing": "border-box",
                    "cursor": "pointer",
                    "directionInvariant": true,
                    "height": 12,
                    "left": "10%",
                    "margin": "1px 0 0 0",
                    "muiPrepared": true,
                    "outline": "none",
                    "overflow": "visible",
                    "pointerEvents": "inherit",
                    "position": "absolute",
                    "top": 0,
                    "transform": "translate(-50%, -50%)",
                    "transition": "background 450ms cubic-bezier(0.23, 1, 0.32, 1) 0ms, border-color 450ms cubic-bezier(0.23, 1, 0.32, 1) 0ms, width 450ms cubic-bezier(0.23, 1, 0.32, 1) 0ms, height 450ms cubic-bezier(0.23, 1, 0.32, 1) 0ms",
                    "width": 12,
                    "zIndex": 1,
                  }
                }
                tabIndex={0}
              >
                <div
                  style={
                    Object {
                      "height": 12,
                      "left": 0,
                      "muiPrepared": true,
                      "overflow": "visible",
                      "position": "absolute",
                      "top": 0,
                      "width": 12,
                    }
                  }
                />
              </div>
            </div>
          </div>
          <input
            max={1}
            min={0}
            name={undefined}
            required={true}
            step={0.05}
            type="hidden"
            value={0.1}
          />
        </div>
      </div>
    </div>
  </div>
  <hr
    style={
      Object {
        "backgroundColor": "#e0e0e0",
        "border": "none",
        "height": 1,
        "margin": 0,
        "marginLeft": 0,
        "marginTop": -1,
        "muiPrepared": true,
      }
    }
  />
</div>
`;
